CREATE EXTENSION IF NOT EXISTS pspacy;
NOTICE:  extension "pspacy" already exists, skipping
